Setting pipeline to PAUSED ...
Pipeline is live and does not need PREROLL ...
Progress: (open) Opening Stream
Pipeline is PREROLLED ...
Prerolled, waiting for progress to finish...
Progress: (connect) Connecting to rtsp://127.0.0.1:8554/jetcam
Progress: (open) Retrieving server options
Progress: (open) Retrieving media info
Progress: (request) SETUP stream 0
Progress: (open) Opened Stream
Setting pipeline to PLAYING ...
New clock: GstSystemClock
Progress: (request) Sending PLAY request
Progress: (request) Sending PLAY request
Progress: (request) Sent PLAY request
Redistribute latency...
Redistribute latency...
handling interrupt.
Interrupt: Stopping pipeline ...
EOS on shutdown enabled -- Forcing EOS on the pipeline
Waiting for EOS...
Got EOS from element "pipeline0".
EOS received - stopping pipeline...
Execution ended after 0:00:10.123209042
Setting pipeline to NULL ...
Freeing pipeline ...
