sensor_id=0
mode=1280x720@60
encoder=x264-software
bitrate_kbps=6000
gop=60
output=udp
destination=udp://127.0.0.1:5000
state=STREAMING url=udp://127.0.0.1:5000
GST_ARGUS: Creating output stream
CONSUMER: Waiting until producer is connected...
GST_ARGUS: Available Sensor modes :
GST_ARGUS: 3280 x 2464 FR = 21.000000 fps Duration = 47619048 ; Analog Gain range min 1.000000, max 10.625000; Exposure Range min 13000, max 683709000;

GST_ARGUS: 3280 x 1848 FR = 28.000001 fps Duration = 35714284 ; Analog Gain range min 1.000000, max 10.625000; Exposure Range min 13000, max 683709000;

GST_ARGUS: 1920 x 1080 FR = 29.999999 fps Duration = 33333334 ; Analog Gain range min 1.000000, max 10.625000; Exposure Range min 13000, max 683709000;

GST_ARGUS: 1640 x 1232 FR = 29.999999 fps Duration = 33333334 ; Analog Gain range min 1.000000, max 10.625000; Exposure Range min 13000, max 683709000;

GST_ARGUS: 1280 x 720 FR = 59.999999 fps Duration = 16666667 ; Analog Gain range min 1.000000, max 10.625000; Exposure Range min 13000, max 683709000;

GST_ARGUS: Running with following settings:
   Camera index = 0 
   Camera mode  = 4 
   Output Stream W = 1280 H = 720 
   seconds to Run    = 0 
   Frame Rate = 59.999999 
GST_ARGUS: Setup Complete, Starting captures for 0 seconds
GST_ARGUS: Starting repeat capture requests.
CONSUMER: Producer has connected; continuing.
metric=frames frames=289 fps=50.4358
metric=frames frames=590 fps=60.1996
metric=frames frames=890 fps=60.0003
metric=frames frames=1190 fps=59.9997
metric=frames frames=1490 fps=60.0002
metric=frames frames=1790 fps=59.9872
metric=frames frames=2091 fps=60.212
metric=frames frames=2391 fps=60.0006
metric=frames frames=2691 fps=60
metric=frames frames=2991 fps=60.0002
metric=frames frames=3291 fps=59.9997
metric=frames frames=3592 fps=60.1851
metric=frames frames=3892 fps=60.0148
metric=frames frames=4192 fps=60.0003
metric=frames frames=4492 fps=59.9996
metric=frames frames=4792 fps=60.0001
metric=frames frames=5093 fps=60.2004
metric=frames frames=5393 fps=59.9997
metric=frames frames=5693 fps=60.0003
metric=frames frames=5993 fps=59.9987
metric=frames frames=6294 fps=60.2005
metric=frames frames=6594 fps=60.0003
metric=frames frames=6894 fps=59.9952
metric=frames frames=7194 fps=60.0048
metric=frames frames=7495 fps=60.2003
metric=frames frames=7795 fps=59.9998
metric=frames frames=8095 fps=60.0001
metric=frames frames=8395 fps=60.0004
metric=frames frames=8696 fps=60.1993
metric=frames frames=8996 fps=59.9999
metric=frames frames=9296 fps=60.0001
metric=frames frames=9596 fps=60
metric=frames frames=9896 fps=60.0001
metric=frames frames=10197 fps=60.2004
metric=frames frames=10497 fps=59.9997
metric=frames frames=10797 fps=59.9997
metric=frames frames=11097 fps=60.0006
metric=frames frames=11397 fps=59.9998
metric=frames frames=11698 fps=60.2001
metric=frames frames=11998 fps=59.9997
metric=frames frames=12298 fps=60.0006
metric=frames frames=12598 fps=59.9998
metric=frames frames=12899 fps=60.2001
metric=frames frames=13199 fps=59.9998
metric=frames frames=13499 fps=59.9975
metric=frames frames=13799 fps=60.0023
metric=frames frames=14099 fps=60.0002
metric=frames frames=14400 fps=60.1995
metric=frames frames=14700 fps=59.9647
metric=frames frames=15000 fps=60.0225
metric=frames frames=15300 fps=60.0128
metric=frames frames=15601 fps=60.1991
metric=frames frames=15901 fps=60.0013
metric=frames frames=16201 fps=60.0002
metric=frames frames=16501 fps=59.999
metric=frames frames=16802 fps=60.2006
metric=frames frames=17102 fps=60.0005
metric=frames frames=17402 fps=59.9997
metric=frames frames=17702 fps=60.0004
metric=frames frames=18002 fps=59.9983
metric=frames frames=18303 fps=60.2018
metric=frames frames=18603 fps=59.9998
metric=frames frames=18903 fps=59.9905
metric=frames frames=19203 fps=60.0094
metric=frames frames=19504 fps=60.1989
metric=frames frames=19804 fps=59.9999
metric=frames frames=20104 fps=59.9743
metric=frames frames=20404 fps=60.0268
metric=frames frames=20704 fps=60
metric=frames frames=21005 fps=60.1983
metric=frames frames=21305 fps=60.0015
metric=frames frames=21605 fps=59.9997
metric=frames frames=21906 fps=60.1924
metric=frames frames=22206 fps=60.0068
metric=frames frames=22506 fps=60.0014
metric=frames frames=22806 fps=59.9994
metric=frames frames=23106 fps=60.0006
metric=frames frames=23407 fps=60.1994
metric=frames frames=23707 fps=59.999
metric=frames frames=24007 fps=60.0015
metric=frames frames=24307 fps=60.0004
metric=frames frames=24607 fps=59.9996
metric=frames frames=24908 fps=60.1879
metric=frames frames=25208 fps=60.0119
metric=frames frames=25508 fps=60.0001
metric=frames frames=25808 fps=60.0003
metric=frames frames=26109 fps=60.1998
metric=frames frames=26409 fps=59.9984
metric=frames frames=26709 fps=60.0018
metric=frames frames=27009 fps=60.0003
metric=frames frames=27309 fps=59.9993
metric=frames frames=27610 fps=60.1996
metric=frames frames=27910 fps=59.9972
metric=frames frames=28210 fps=60.0034
metric=frames frames=28510 fps=60.0002
metric=frames frames=28811 fps=60.187
metric=frames frames=29111 fps=60.0117
metric=frames frames=29411 fps=60.0006
metric=frames frames=29711 fps=59.9791
metric=frames frames=30011 fps=60.0215
metric=frames frames=30312 fps=60.1982
metric=frames frames=30612 fps=60.0018
metric=frames frames=30912 fps=60
metric=frames frames=31212 fps=59.9998
metric=frames frames=31513 fps=60.2004
metric=frames frames=31813 fps=59.9997
metric=frames frames=32113 fps=59.9744
metric=frames frames=32413 fps=60.0259
metric=frames frames=32713 fps=59.9995
metric=frames frames=33014 fps=60.1999
metric=frames frames=33314 fps=60.0002
metric=frames frames=33614 fps=60.0003
metric=frames frames=33914 fps=59.9999
metric=frames frames=34215 fps=60.1974
metric=frames frames=34515 fps=60.0025
metric=frames frames=34815 fps=60.0002
metric=frames frames=35115 fps=59.9996
metric=frames frames=35415 fps=60.0004
metric=frames frames=35716 fps=60.1998
metric=frames frames=36016 fps=60.0002
metric=frames frames=36316 fps=60.0002
metric=frames frames=36616 fps=59.977
metric=frames frames=36917 fps=60.2228
metric=frames frames=37217 fps=60
metric=frames frames=37517 fps=59.9997
metric=frames frames=37817 fps=60.0004
metric=frames frames=38117 fps=59.9998
metric=frames frames=38418 fps=60.2001
metric=frames frames=38718 fps=60.0001
metric=frames frames=39018 fps=59.9963
metric=frames frames=39318 fps=60.0036
metric=frames frames=39619 fps=60.2003
metric=frames frames=39919 fps=59.9997
metric=frames frames=40219 fps=60.0002
metric=frames frames=40519 fps=60
metric=frames frames=40820 fps=60.1918
metric=frames frames=41120 fps=60.007
metric=frames frames=41420 fps=60.001
metric=frames frames=41720 fps=60.0001
metric=frames frames=42021 fps=60.1855
metric=frames frames=42321 fps=60.0144
metric=frames frames=42621 fps=59.9806
metric=frames frames=42921 fps=60.0194
metric=frames frames=43222 fps=60.2001
metric=frames frames=43522 fps=59.9997
metric=frames frames=43822 fps=59.9999
metric=frames frames=44122 fps=60.0001
metric=frames frames=44422 fps=59.9998
metric=frames frames=44723 fps=60.2001
metric=frames frames=45023 fps=59.9978
metric=frames frames=45323 fps=60.0023
metric=frames frames=45624 fps=60.2
metric=frames frames=45924 fps=59.9997
metric=frames frames=46224 fps=60
metric=frames frames=46524 fps=59.9864
metric=frames frames=46824 fps=60.0138
metric=frames frames=47125 fps=60.2001
metric=frames frames=47425 fps=59.9995
metric=frames frames=47725 fps=60.0006
metric=frames frames=48026 fps=60.1788
metric=frames frames=48326 fps=60.021
metric=frames frames=48626 fps=60
metric=frames frames=48926 fps=60
metric=frames frames=49226 fps=60.0001
metric=frames frames=49527 fps=60.2001
metric=frames frames=49827 fps=60
metric=frames frames=50127 fps=60.0002
metric=frames frames=50427 fps=59.9995
metric=frames frames=50728 fps=60.1992
metric=frames frames=51028 fps=60.0001
metric=frames frames=51328 fps=60.0012
metric=frames frames=51628 fps=59.9996
metric=frames frames=51929 fps=60.2003
metric=frames frames=52229 fps=59.9999
metric=frames frames=52529 fps=59.9999
metric=frames frames=52829 fps=59.9918
metric=frames frames=53129 fps=60.0084
metric=frames frames=53430 fps=60.1745
metric=frames frames=53730 fps=60.0253
metric=frames frames=54030 fps=60
metric=frames frames=54331 fps=60.1997
metric=frames frames=54631 fps=60.0003
metric=frames frames=54931 fps=60
metric=frames frames=55231 fps=60
metric=frames frames=55532 fps=60.1821
metric=frames frames=55832 fps=60.0177
metric=frames frames=56132 fps=60.0004
metric=frames frames=56432 fps=60.0002
metric=frames frames=56732 fps=59.9996
metric=frames frames=57033 fps=60.2
metric=frames frames=57333 fps=59.9998
metric=frames frames=57633 fps=60.0005
metric=frames frames=57933 fps=59.9998
metric=frames frames=58234 fps=60.1809
metric=frames frames=58534 fps=60.0188
metric=frames frames=58834 fps=60.0003
metric=frames frames=59134 fps=59.9997
metric=frames frames=59435 fps=60.1979
metric=frames frames=59735 fps=60.0022
metric=frames frames=60035 fps=59.999
metric=frames frames=60335 fps=60.0011
metric=frames frames=60636 fps=60.2002
metric=frames frames=60936 fps=59.9999
metric=frames frames=61236 fps=60
metric=frames frames=61536 fps=59.9998
metric=frames frames=61836 fps=59.9998
metric=frames frames=62137 fps=60.2002
metric=frames frames=62437 fps=59.9993
metric=frames frames=62737 fps=60.0009
metric=frames frames=63037 fps=59.9996
metric=frames frames=63338 fps=60.2
metric=frames frames=63638 fps=59.9986
metric=frames frames=63938 fps=60.0018
metric=frames frames=64238 fps=59.998
metric=frames frames=64539 fps=60.2014
metric=frames frames=64839 fps=59.9996
metric=frames frames=65139 fps=60.001
metric=frames frames=65439 fps=59.9998
metric=frames frames=65740 fps=60.1998
metric=frames frames=66040 fps=59.9999
metric=frames frames=66340 fps=60.0002
metric=frames frames=66640 fps=60.0001
metric=frames frames=66941 fps=60.1998
metric=frames frames=67241 fps=60.0002
metric=frames frames=67541 fps=60.0001
metric=frames frames=67841 fps=60
metric=frames frames=68141 fps=60.0001
metric=frames frames=68442 fps=60.1994
metric=frames frames=68742 fps=59.9786
metric=frames frames=69042 fps=60.0216
metric=frames frames=69342 fps=60
metric=frames frames=69643 fps=60.1896
metric=frames frames=69943 fps=60.0105
metric=frames frames=70243 fps=60.0003
metric=frames frames=70543 fps=59.9996
metric=frames frames=70844 fps=60.1988
metric=frames frames=71144 fps=60.0003
metric=frames frames=71444 fps=60.0009
metric=frames frames=71744 fps=60.0001
metric=frames frames=72045 fps=60.1999
metric=frames frames=72345 fps=59.999
metric=frames frames=72645 fps=60.0011
metric=frames frames=72945 fps=60.0003
metric=frames frames=73246 fps=60.1995
metric=frames frames=73546 fps=60.0002
metric=frames frames=73846 fps=60.0001
metric=frames frames=74146 fps=60
metric=frames frames=74446 fps=59.9998
metric=frames frames=74747 fps=60.2001
metric=frames frames=75047 fps=59.9999
metric=frames frames=75347 fps=59.975
metric=frames frames=75647 fps=60.0249
metric=frames frames=75948 fps=60.1991
metric=frames frames=76248 fps=60.001
metric=frames frames=76548 fps=59.9746
metric=frames frames=76848 fps=60.0255
metric=frames frames=77149 fps=60.1998
metric=frames frames=77449 fps=59.9995
metric=frames frames=77749 fps=60.0005
metric=frames frames=78049 fps=59.9965
metric=frames frames=78349 fps=60.004
metric=frames frames=78650 fps=60.1996
metric=frames frames=78950 fps=60
metric=frames frames=79250 fps=60.0004
metric=frames frames=79550 fps=59.9996
metric=frames frames=79851 fps=60.2003
metric=frames frames=80151 fps=59.9996
metric=frames frames=80451 fps=60.0002
metric=frames frames=80751 fps=60
metric=frames frames=81052 fps=60.1998
metric=frames frames=81352 fps=60.0001
metric=frames frames=81652 fps=59.9968
metric=frames frames=81952 fps=60.0035
metric=frames frames=82253 fps=60.2
metric=frames frames=82553 fps=59.9995
metric=frames frames=82853 fps=60.0003
metric=frames frames=83153 fps=60.0002
metric=frames frames=83453 fps=59.9998
metric=frames frames=83754 fps=60.1989
metric=frames frames=84054 fps=60.001
metric=frames frames=84354 fps=59.9997
metric=frames frames=84654 fps=60.0005
metric=frames frames=84955 fps=60.2001
metric=frames frames=85255 fps=59.9996
metric=frames frames=85555 fps=60.0003
metric=frames frames=85855 fps=60
metric=frames frames=86156 fps=60.1999
metric=frames frames=86456 fps=59.9978
metric=frames frames=86756 fps=60.0024
metric=frames frames=87056 fps=60.0002
metric=frames frames=87356 fps=59.9997
metric=frames frames=87657 fps=60.1996
metric=frames frames=87957 fps=60.0001
metric=frames frames=88257 fps=60.0004
metric=frames frames=88557 fps=59.9995
metric=frames frames=88858 fps=60.1995
metric=frames frames=89158 fps=60.0002
metric=frames frames=89458 fps=60.0004
metric=frames frames=89758 fps=60.0002
metric=frames frames=90059 fps=60.1979
metric=frames frames=90359 fps=60.0019
metric=frames frames=90659 fps=59.9999
metric=frames frames=90959 fps=60.0004
metric=frames frames=91259 fps=59.9985
metric=frames frames=91560 fps=60.1993
metric=frames frames=91860 fps=60.0019
metric=frames frames=92160 fps=60.0003
metric=frames frames=92460 fps=59.9997
metric=frames frames=92761 fps=60.2001
metric=frames frames=93061 fps=59.9981
metric=frames frames=93361 fps=60.0016
metric=frames frames=93661 fps=60.0002
metric=frames frames=93962 fps=60.2002
metric=frames frames=94262 fps=59.988
metric=frames frames=94562 fps=60.012
metric=frames frames=94862 fps=60
metric=frames frames=95162 fps=59.9998
metric=frames frames=95463 fps=60.1999
metric=frames frames=95763 fps=60.0001
metric=frames frames=96063 fps=60.0003
metric=frames frames=96363 fps=59.9994
metric=frames frames=96664 fps=60.2004
metric=frames frames=96964 fps=59.9999
metric=frames frames=97264 fps=59.9995
metric=frames frames=97564 fps=59.9998
metric=frames frames=97864 fps=60.0007
metric=frames frames=98165 fps=60.1776
metric=frames frames=98465 fps=60.0225
metric=frames frames=98765 fps=60.0002
metric=frames frames=99066 fps=60.1979
metric=frames frames=99366 fps=60.0018
metric=frames frames=99666 fps=60.0001
metric=frames frames=99966 fps=60.0002
metric=frames frames=100267 fps=60.1859
metric=frames frames=100567 fps=60.0043
metric=frames frames=100867 fps=60.0095
metric=frames frames=101167 fps=60
metric=frames frames=101467 fps=59.9981
metric=frames frames=101768 fps=60.2019
metric=frames frames=102068 fps=59.9995
metric=frames frames=102368 fps=60.0001
metric=frames frames=102668 fps=60.0007
metric=frames frames=102969 fps=60.1997
metric=frames frames=103269 fps=59.9986
metric=frames frames=103569 fps=60.0013
metric=frames frames=103869 fps=60.0005
metric=frames frames=104169 fps=59.9987
metric=frames frames=104470 fps=60.2011
metric=frames frames=104770 fps=59.9997
metric=frames frames=105070 fps=60.0001
metric=frames frames=105370 fps=60.0001
metric=frames frames=105671 fps=60.1979
metric=frames frames=105971 fps=60.0022
metric=frames frames=106271 fps=59.9997
metric=frames frames=106571 fps=60.0004
metric=frames frames=106871 fps=59.9994
metric=frames frames=107172 fps=60.2004
metric=frames frames=107472 fps=59.9997
metric=frames frames=107772 fps=59.9997
metric=frames frames=108072 fps=60.0005
metric=frames frames=108373 fps=60.1995
GST_ARGUS: Cleaning up
CONSUMER: Done Success
GST_ARGUS: Done Success
state=STOPPED frames=108469
