[0000aaab01dac5a0] main interface error: no suitable interface module
[0000aaab01cd1270] main libvlc error: interface "globalhotkeys,none" initialization failed
[0000aaab01dac5a0] dummy interface: using the dummy interface module...
[0000ffff80028990] h264 packetizer warning: waiting for SPS/PPS
[0000ffff80028990] h264 packetizer warning: waiting for SPS/PPS
[0000ffff80028990] h264 packetizer warning: waiting for SPS/PPS
[0000ffff80028990] h264 packetizer warning: waiting for SPS/PPS
[0000ffff80028990] h264 packetizer warning: waiting for SPS/PPS
[0000ffff80028990] h264 packetizer warning: waiting for SPS/PPS
[0000ffff80028990] h264 packetizer warning: waiting for SPS/PPS
[0000ffff80028990] h264 packetizer warning: waiting for SPS/PPS
[0000ffff80028990] h264 packetizer warning: waiting for SPS/PPS
[0000ffff80028990] h264 packetizer warning: waiting for SPS/PPS
[0000ffff80028990] h264 packetizer warning: waiting for SPS/PPS
[0000ffff80028990] h264 packetizer warning: waiting for SPS/PPS
[0000ffff80028990] h264 packetizer warning: waiting for SPS/PPS
[0000ffff80028990] h264 packetizer warning: waiting for SPS/PPS
[0000ffff80028990] h264 packetizer warning: waiting for SPS/PPS
[0000ffff80028990] h264 packetizer warning: waiting for SPS/PPS
[0000ffff80028990] h264 packetizer warning: waiting for SPS/PPS
[0000ffff80028990] h264 packetizer warning: waiting for SPS/PPS
[0000ffff80028990] h264 packetizer warning: waiting for SPS/PPS
[0000ffff80028990] h264 packetizer warning: waiting for SPS/PPS
[0000ffff80028990] h264 packetizer warning: waiting for SPS/PPS
[0000ffff80028990] h264 packetizer warning: waiting for SPS/PPS
[0000ffff80028990] h264 packetizer warning: waiting for SPS/PPS
[0000ffff80028990] h264 packetizer warning: waiting for SPS/PPS
[0000ffff80028990] h264 packetizer warning: waiting for SPS/PPS
[0000ffff80028990] h264 packetizer warning: waiting for SPS/PPS
[0000ffff80028990] h264 packetizer warning: waiting for SPS/PPS
[0000ffff80028990] h264 packetizer warning: waiting for SPS/PPS
[0000ffff80028990] h264 packetizer warning: waiting for SPS/PPS
[0000ffff80028990] h264 packetizer warning: waiting for SPS/PPS
[0000ffff80028990] h264 packetizer warning: waiting for SPS/PPS
[0000ffff80028990] h264 packetizer warning: waiting for SPS/PPS
[0000ffff80028990] h264 packetizer warning: waiting for SPS/PPS
[0000ffff80028990] h264 packetizer warning: waiting for SPS/PPS
[0000ffff80028990] h264 packetizer warning: waiting for SPS/PPS
[0000ffff80028990] h264 packetizer warning: waiting for SPS/PPS
[0000ffff80028990] h264 packetizer warning: waiting for SPS/PPS
[0000ffff80028990] h264 packetizer warning: waiting for SPS/PPS
[0000ffff80028990] h264 packetizer warning: waiting for SPS/PPS
[0000ffff80028990] h264 packetizer warning: waiting for SPS/PPS
[0000ffff80028990] h264 packetizer warning: waiting for SPS/PPS
[0000ffff80028990] h264 packetizer warning: waiting for SPS/PPS
[0000ffff80028990] h264 packetizer warning: waiting for SPS/PPS
[0000ffff80028990] h264 packetizer warning: waiting for SPS/PPS
[0000ffff80028990] h264 packetizer warning: waiting for SPS/PPS
[0000ffff80028990] h264 packetizer warning: waiting for SPS/PPS
[0000ffff8002b5c0] main decoder error: buffer deadlock prevented
[0000ffff80028990] h264 packetizer warning: waiting for SPS/PPS
[0000ffff80028990] h264 packetizer warning: waiting for SPS/PPS
[0000ffff80028990] h264 packetizer warning: waiting for SPS/PPS
[0000ffff80028990] h264 packetizer warning: waiting for SPS/PPS
[0000ffff80028990] h264 packetizer warning: waiting for SPS/PPS
[0000ffff80028990] h264 packetizer warning: waiting for SPS/PPS
[0000ffff80028990] h264 packetizer warning: waiting for SPS/PPS
[0000ffff80028990] h264 packetizer warning: waiting for SPS/PPS
[0000ffff80028990] h264 packetizer warning: waiting for SPS/PPS
[0000ffff80028990] h264 packetizer warning: waiting for SPS/PPS
[0000ffff80028990] h264 packetizer warning: waiting for SPS/PPS
[0000ffff80028990] h264 packetizer warning: waiting for SPS/PPS
[0000ffff80028990] h264 packetizer warning: waiting for SPS/PPS
[0000ffff80028990] h264 packetizer warning: waiting for SPS/PPS
[0000ffff80028990] h264 packetizer warning: waiting for SPS/PPS
[0000ffff80028990] h264 packetizer warning: waiting for SPS/PPS
[0000ffff80028990] h264 packetizer warning: waiting for SPS/PPS
[0000ffff80028990] h264 packetizer warning: waiting for SPS/PPS
[0000ffff80028990] h264 packetizer warning: waiting for SPS/PPS
[0000ffff80028990] h264 packetizer warning: waiting for SPS/PPS
[0000ffff80028990] h264 packetizer warning: waiting for SPS/PPS
[0000ffff80028990] h264 packetizer warning: waiting for SPS/PPS
[0000ffff80028990] h264 packetizer warning: waiting for SPS/PPS
[0000ffff80028990] h264 packetizer warning: waiting for SPS/PPS
[0000ffff80028990] h264 packetizer warning: waiting for SPS/PPS
[0000ffff80028990] h264 packetizer warning: waiting for SPS/PPS
[0000ffff80028990] h264 packetizer warning: waiting for SPS/PPS
[0000ffff80028990] h264 packetizer warning: waiting for SPS/PPS
[0000ffff80028990] h264 packetizer warning: waiting for SPS/PPS
[0000ffff80028990] h264 packetizer warning: waiting for SPS/PPS
[0000ffff80028990] h264 packetizer warning: waiting for SPS/PPS
[0000ffff80028990] h264 packetizer warning: waiting for SPS/PPS
[0000ffff80028990] h264 packetizer warning: waiting for SPS/PPS
[0000ffff80028990] h264 packetizer warning: waiting for SPS/PPS
[0000ffff80028990] h264 packetizer warning: waiting for SPS/PPS
[0000ffff80028990] h264 packetizer warning: waiting for SPS/PPS
[0000ffff80028990] h264 packetizer warning: waiting for SPS/PPS
[0000ffff80028990] h264 packetizer warning: waiting for SPS/PPS
[0000ffff80028990] h264 packetizer warning: waiting for SPS/PPS
[0000ffff80028990] h264 packetizer warning: waiting for SPS/PPS
[0000ffff80028990] h264 packetizer warning: waiting for SPS/PPS
[0000ffff80028990] h264 packetizer warning: waiting for SPS/PPS
[0000ffff80028990] h264 packetizer warning: waiting for SPS/PPS
[0000ffff80028990] h264 packetizer warning: waiting for SPS/PPS
[0000ffff80028990] h264 packetizer warning: waiting for SPS/PPS
[0000ffff80028990] h264 packetizer warning: waiting for SPS/PPS
[0000ffff80028990] h264 packetizer warning: waiting for SPS/PPS
[0000ffff80028990] h264 packetizer warning: waiting for SPS/PPS
[0000ffff80028990] h264 packetizer warning: waiting for SPS/PPS
[0000ffff80028990] h264 packetizer warning: waiting for SPS/PPS
[0000ffff80028990] h264 packetizer warning: waiting for SPS/PPS
[0000ffff80028990] h264 packetizer warning: waiting for SPS/PPS
[0000ffff80028990] h264 packetizer warning: waiting for SPS/PPS
[0000ffff80028990] h264 packetizer warning: waiting for SPS/PPS
[0000ffff80028990] h264 packetizer warning: waiting for SPS/PPS
[0000ffff80028990] h264 packetizer warning: waiting for SPS/PPS
[0000ffff80028990] h264 packetizer warning: waiting for SPS/PPS
[0000ffff80028990] h264 packetizer warning: waiting for SPS/PPS
[0000ffff80028990] h264 packetizer warning: waiting for SPS/PPS
[0000ffff80028990] h264 packetizer warning: waiting for SPS/PPS
[0000ffff80028990] h264 packetizer warning: waiting for SPS/PPS
[0000ffff80028990] h264 packetizer warning: waiting for SPS/PPS
[0000ffff80028990] h264 packetizer warning: waiting for SPS/PPS
[0000ffff80028990] h264 packetizer warning: waiting for SPS/PPS
[0000ffff80028990] h264 packetizer warning: waiting for SPS/PPS
[0000ffff80028990] h264 packetizer warning: waiting for SPS/PPS
[0000ffff80028990] h264 packetizer warning: waiting for SPS/PPS
[0000ffff80028990] h264 packetizer warning: waiting for SPS/PPS
[0000ffff80028990] h264 packetizer warning: waiting for SPS/PPS
[0000ffff80028990] h264 packetizer warning: waiting for SPS/PPS
[0000ffff80028990] h264 packetizer warning: waiting for SPS/PPS
[0000ffff80028990] h264 packetizer warning: waiting for SPS/PPS
[0000ffff80028990] h264 packetizer warning: waiting for SPS/PPS
[0000ffff80028990] h264 packetizer warning: waiting for SPS/PPS
[0000ffff80028990] h264 packetizer warning: waiting for SPS/PPS
[0000ffff80028990] h264 packetizer warning: waiting for SPS/PPS
[0000ffff80028990] h264 packetizer warning: waiting for SPS/PPS
[0000ffff80028990] h264 packetizer warning: waiting for SPS/PPS
[0000ffff80028990] h264 packetizer warning: waiting for SPS/PPS
[0000ffff80028990] h264 packetizer warning: waiting for SPS/PPS
[0000ffff80028990] h264 packetizer warning: waiting for SPS/PPS
[0000ffff80028990] h264 packetizer warning: waiting for SPS/PPS
[0000ffff80028990] h264 packetizer warning: waiting for SPS/PPS
[0000ffff80028990] h264 packetizer warning: waiting for SPS/PPS
[0000ffff80028990] h264 packetizer warning: waiting for SPS/PPS
[0000ffff80028990] h264 packetizer warning: waiting for SPS/PPS
[0000ffff80028990] h264 packetizer warning: waiting for SPS/PPS
[0000ffff80028990] h264 packetizer warning: waiting for SPS/PPS
[0000ffff80028990] h264 packetizer warning: waiting for SPS/PPS
[0000ffff80028990] h264 packetizer warning: waiting for SPS/PPS
[0000ffff80028990] h264 packetizer warning: waiting for SPS/PPS
[0000ffff80028990] h264 packetizer warning: waiting for SPS/PPS
[0000ffff80028990] h264 packetizer warning: waiting for SPS/PPS
[0000ffff80028990] h264 packetizer warning: waiting for SPS/PPS
[0000ffff80028990] h264 packetizer warning: waiting for SPS/PPS
[0000ffff80028990] h264 packetizer warning: waiting for SPS/PPS
[0000ffff80028990] h264 packetizer warning: waiting for SPS/PPS
[0000ffff80028990] h264 packetizer warning: waiting for SPS/PPS
[0000ffff80028990] h264 packetizer warning: waiting for SPS/PPS
[0000ffff80028990] h264 packetizer warning: waiting for SPS/PPS
[0000ffff80028990] h264 packetizer warning: waiting for SPS/PPS
[0000ffff80028990] h264 packetizer warning: waiting for SPS/PPS
[0000ffff80028990] h264 packetizer warning: waiting for SPS/PPS
[0000ffff80028990] h264 packetizer warning: waiting for SPS/PPS
[0000ffff80028990] h264 packetizer warning: waiting for SPS/PPS
[0000ffff80028990] h264 packetizer warning: waiting for SPS/PPS
[0000ffff80028990] h264 packetizer warning: waiting for SPS/PPS
[0000ffff80028990] h264 packetizer warning: waiting for SPS/PPS
[0000ffff80028990] h264 packetizer warning: waiting for SPS/PPS
[0000ffff80028990] h264 packetizer warning: waiting for SPS/PPS
[0000ffff80028990] h264 packetizer warning: waiting for SPS/PPS
[0000ffff80028990] h264 packetizer warning: waiting for SPS/PPS
[0000ffff80028990] h264 packetizer warning: waiting for SPS/PPS
[0000ffff80028990] h264 packetizer warning: waiting for SPS/PPS
[0000ffff80028990] h264 packetizer warning: waiting for SPS/PPS
[0000ffff80028990] h264 packetizer warning: waiting for SPS/PPS
[0000ffff80028990] h264 packetizer warning: waiting for SPS/PPS
[0000ffff80028990] h264 packetizer warning: waiting for SPS/PPS
[0000ffff80028990] h264 packetizer warning: waiting for SPS/PPS
[0000ffff80028990] h264 packetizer warning: waiting for SPS/PPS
[0000ffff80028990] h264 packetizer warning: waiting for SPS/PPS
[0000ffff80028990] h264 packetizer warning: waiting for SPS/PPS
[0000ffff80028990] h264 packetizer warning: waiting for SPS/PPS
[0000ffff80028990] h264 packetizer warning: waiting for SPS/PPS
[0000ffff80028990] h264 packetizer warning: waiting for SPS/PPS
[0000ffff80028990] h264 packetizer warning: waiting for SPS/PPS
[0000ffff80028990] h264 packetizer warning: waiting for SPS/PPS
[0000ffff80028990] h264 packetizer warning: waiting for SPS/PPS
[0000ffff80028990] h264 packetizer warning: waiting for SPS/PPS
[0000ffff80028990] h264 packetizer warning: waiting for SPS/PPS
[0000ffff80028990] h264 packetizer warning: waiting for SPS/PPS
[0000ffff80028990] h264 packetizer warning: waiting for SPS/PPS
[0000ffff80028990] h264 packetizer warning: waiting for SPS/PPS
[0000ffff80028990] h264 packetizer warning: waiting for SPS/PPS
[0000ffff80028990] h264 packetizer warning: waiting for SPS/PPS
[0000ffff80028990] h264 packetizer warning: waiting for SPS/PPS
[0000ffff80028990] h264 packetizer warning: waiting for SPS/PPS
[0000ffff80028990] h264 packetizer warning: waiting for SPS/PPS
[0000ffff80028990] h264 packetizer warning: waiting for SPS/PPS
[0000ffff80028990] h264 packetizer warning: waiting for SPS/PPS
[0000ffff80028990] h264 packetizer warning: waiting for SPS/PPS
[0000ffff80028990] h264 packetizer warning: waiting for SPS/PPS
[0000ffff80028990] h264 packetizer warning: waiting for SPS/PPS
[0000ffff80028990] h264 packetizer warning: waiting for SPS/PPS
[0000ffff80028990] h264 packetizer warning: waiting for SPS/PPS
[0000ffff80028990] h264 packetizer warning: waiting for SPS/PPS
[0000ffff80028990] h264 packetizer warning: waiting for SPS/PPS
[0000ffff80028990] h264 packetizer warning: waiting for SPS/PPS
[0000ffff80028990] h264 packetizer warning: waiting for SPS/PPS
[0000ffff80028990] h264 packetizer warning: waiting for SPS/PPS
[0000ffff80028990] h264 packetizer warning: waiting for SPS/PPS
[0000ffff80028990] h264 packetizer warning: waiting for SPS/PPS
[0000ffff80028990] h264 packetizer warning: waiting for SPS/PPS
[0000ffff80028990] h264 packetizer warning: waiting for SPS/PPS
[0000ffff80028990] h264 packetizer warning: waiting for SPS/PPS
[0000ffff80028990] h264 packetizer warning: waiting for SPS/PPS
[0000ffff80028990] h264 packetizer warning: waiting for SPS/PPS
[0000ffff80028990] h264 packetizer warning: waiting for SPS/PPS
[0000ffff80028990] h264 packetizer warning: waiting for SPS/PPS
[0000ffff80028990] h264 packetizer warning: waiting for SPS/PPS
[0000ffff80028990] h264 packetizer warning: waiting for SPS/PPS
[0000ffff80028990] h264 packetizer warning: waiting for SPS/PPS
[0000ffff80028990] h264 packetizer warning: waiting for SPS/PPS
[0000ffff80028990] h264 packetizer warning: waiting for SPS/PPS
[0000ffff80028990] h264 packetizer warning: waiting for SPS/PPS
[0000ffff80028990] h264 packetizer warning: waiting for SPS/PPS
[0000ffff80028990] h264 packetizer warning: waiting for SPS/PPS
[0000ffff80028990] h264 packetizer warning: waiting for SPS/PPS
[0000ffff80028990] h264 packetizer warning: waiting for SPS/PPS
[0000ffff80028990] h264 packetizer warning: waiting for SPS/PPS
[0000ffff80028990] h264 packetizer warning: waiting for SPS/PPS
[0000ffff80028990] h264 packetizer warning: waiting for SPS/PPS
[0000ffff80028990] h264 packetizer warning: waiting for SPS/PPS
[0000ffff80028990] h264 packetizer warning: waiting for SPS/PPS
[0000ffff80028990] h264 packetizer warning: waiting for SPS/PPS
[0000ffff80028990] h264 packetizer warning: waiting for SPS/PPS
[0000ffff80028990] h264 packetizer warning: waiting for SPS/PPS
[0000ffff80028990] h264 packetizer warning: waiting for SPS/PPS
[0000ffff80028990] h264 packetizer warning: waiting for SPS/PPS
[0000ffff80028990] h264 packetizer warning: waiting for SPS/PPS
[0000ffff80028990] h264 packetizer warning: waiting for SPS/PPS
[0000ffff80028990] h264 packetizer warning: waiting for SPS/PPS
[0000ffff80028990] h264 packetizer warning: waiting for SPS/PPS
[0000ffff80028990] h264 packetizer warning: waiting for SPS/PPS
[0000ffff80028990] h264 packetizer warning: waiting for SPS/PPS
[0000ffff80028990] h264 packetizer warning: waiting for SPS/PPS
[0000ffff80028990] h264 packetizer warning: waiting for SPS/PPS
[0000ffff80028990] h264 packetizer warning: waiting for SPS/PPS
[0000ffff80028990] h264 packetizer warning: waiting for SPS/PPS
[0000ffff80028990] h264 packetizer warning: waiting for SPS/PPS
[0000ffff80028990] h264 packetizer warning: waiting for SPS/PPS
[0000ffff80028990] h264 packetizer warning: waiting for SPS/PPS
[0000ffff80028990] h264 packetizer warning: waiting for SPS/PPS
[0000ffff80028990] h264 packetizer warning: waiting for SPS/PPS
[0000ffff80028990] h264 packetizer warning: waiting for SPS/PPS
[0000ffff80028990] h264 packetizer warning: waiting for SPS/PPS
[0000ffff80028990] h264 packetizer warning: waiting for SPS/PPS
[0000ffff80028990] h264 packetizer warning: waiting for SPS/PPS
[0000ffff80028990] h264 packetizer warning: waiting for SPS/PPS
[0000ffff80028990] h264 packetizer warning: waiting for SPS/PPS
[0000ffff80028990] h264 packetizer warning: waiting for SPS/PPS
[0000ffff80028990] h264 packetizer warning: waiting for SPS/PPS
[0000ffff80028990] h264 packetizer warning: waiting for SPS/PPS
[0000ffff80028990] h264 packetizer warning: waiting for SPS/PPS
[0000ffff80028990] h264 packetizer warning: waiting for SPS/PPS
[0000ffff80028990] h264 packetizer warning: waiting for SPS/PPS
[0000ffff80028990] h264 packetizer warning: waiting for SPS/PPS
[0000ffff80028990] h264 packetizer warning: waiting for SPS/PPS
[0000ffff80028990] h264 packetizer warning: waiting for SPS/PPS
[0000ffff80028990] h264 packetizer warning: waiting for SPS/PPS
[0000ffff80028990] h264 packetizer warning: waiting for SPS/PPS
[0000ffff80028990] h264 packetizer warning: waiting for SPS/PPS
[0000ffff80028990] h264 packetizer warning: waiting for SPS/PPS
[0000ffff80028990] h264 packetizer warning: waiting for SPS/PPS
[0000ffff80028990] h264 packetizer warning: waiting for SPS/PPS
[0000ffff80028990] h264 packetizer warning: waiting for SPS/PPS
[0000ffff80028990] h264 packetizer warning: waiting for SPS/PPS
[0000ffff80028990] h264 packetizer warning: waiting for SPS/PPS
[0000ffff80028990] h264 packetizer warning: waiting for SPS/PPS
[0000ffff80028990] h264 packetizer warning: waiting for SPS/PPS
[0000ffff80028990] h264 packetizer warning: waiting for SPS/PPS
[0000ffff80028990] h264 packetizer warning: waiting for SPS/PPS
[0000ffff80028990] h264 packetizer warning: waiting for SPS/PPS
[0000ffff80028990] h264 packetizer warning: waiting for SPS/PPS
[0000ffff80028990] h264 packetizer warning: waiting for SPS/PPS
[0000ffff80028990] h264 packetizer warning: waiting for SPS/PPS
[0000ffff80028990] h264 packetizer warning: waiting for SPS/PPS
[0000ffff80028990] h264 packetizer warning: waiting for SPS/PPS
[0000ffff80028990] h264 packetizer warning: waiting for SPS/PPS
[0000ffff80028990] h264 packetizer warning: waiting for SPS/PPS
[0000ffff80028990] h264 packetizer warning: waiting for SPS/PPS
[0000ffff80028990] h264 packetizer warning: waiting for SPS/PPS
[0000ffff80028990] h264 packetizer warning: waiting for SPS/PPS
[0000ffff80028990] h264 packetizer warning: waiting for SPS/PPS
[0000ffff80028990] h264 packetizer warning: waiting for SPS/PPS
[0000ffff80028990] h264 packetizer warning: waiting for SPS/PPS
[0000ffff80028990] h264 packetizer warning: waiting for SPS/PPS
[0000ffff80028990] h264 packetizer warning: waiting for SPS/PPS
[0000ffff80028990] h264 packetizer warning: waiting for SPS/PPS
[0000ffff80028990] h264 packetizer warning: waiting for SPS/PPS
[0000ffff80028990] h264 packetizer warning: waiting for SPS/PPS
[0000ffff80028990] h264 packetizer warning: waiting for SPS/PPS
[0000ffff80028990] h264 packetizer warning: waiting for SPS/PPS
[0000ffff80028990] h264 packetizer warning: waiting for SPS/PPS
[0000ffff80028990] h264 packetizer warning: waiting for SPS/PPS
[0000ffff80028990] h264 packetizer warning: waiting for SPS/PPS
[0000ffff80028990] h264 packetizer warning: waiting for SPS/PPS
[0000ffff80028990] h264 packetizer warning: waiting for SPS/PPS
[0000ffff80028990] h264 packetizer warning: waiting for SPS/PPS
[0000ffff80028990] h264 packetizer warning: waiting for SPS/PPS
[0000ffff80028990] h264 packetizer warning: waiting for SPS/PPS
[0000ffff80028990] h264 packetizer warning: waiting for SPS/PPS
[0000ffff80028990] h264 packetizer warning: waiting for SPS/PPS
[0000ffff80028990] h264 packetizer warning: waiting for SPS/PPS
[0000ffff80028990] h264 packetizer warning: waiting for SPS/PPS
[0000ffff80028990] h264 packetizer warning: waiting for SPS/PPS
[0000ffff80028990] h264 packetizer warning: waiting for SPS/PPS
[0000ffff80028990] h264 packetizer warning: waiting for SPS/PPS
[0000ffff80028990] h264 packetizer warning: waiting for SPS/PPS
[0000ffff80028990] h264 packetizer warning: waiting for SPS/PPS
[0000ffff80028990] h264 packetizer warning: waiting for SPS/PPS
[0000ffff80028990] h264 packetizer warning: waiting for SPS/PPS
[0000ffff80028990] h264 packetizer warning: waiting for SPS/PPS
[0000ffff80028990] h264 packetizer warning: waiting for SPS/PPS
[0000ffff80028990] h264 packetizer warning: waiting for SPS/PPS
[0000ffff80028990] h264 packetizer warning: waiting for SPS/PPS
[0000ffff80028990] h264 packetizer warning: waiting for SPS/PPS
[0000ffff80028990] h264 packetizer warning: waiting for SPS/PPS
[0000ffff80028990] h264 packetizer warning: waiting for SPS/PPS
[0000ffff80028990] h264 packetizer warning: waiting for SPS/PPS
[0000ffff80028990] h264 packetizer warning: waiting for SPS/PPS
[0000ffff80028990] h264 packetizer warning: waiting for SPS/PPS
[0000aaab01d67140] main playlist: end of playlist, exiting
